// Vitest Snapshot v1, https://vitest.dev/guide/snapshot.html

exports[`Kbd > renders with custom size correctly 1`] = `"<kbd class="inline-flex items-center justify-center text-gray-900 dark:text-white h-4 min-w-[16px] text-[10px] px-1 rounded font-medium font-sans bg-gray-100 dark:bg-gray-800 ring-1 ring-gray-300 dark:ring-gray-700 ring-inset">O</kbd>"`;

exports[`Kbd > renders with default slot correctly 1`] = `"<kbd class="inline-flex items-center justify-center text-gray-900 dark:text-white h-5 min-w-[20px] text-[11px] px-1 rounded font-medium font-sans bg-gray-100 dark:bg-gray-800 ring-1 ring-gray-300 dark:ring-gray-700 ring-inset">Default slot</kbd>"`;

exports[`Kbd > renders with value correctly 1`] = `"<kbd class="inline-flex items-center justify-center text-gray-900 dark:text-white h-5 min-w-[20px] text-[11px] px-1 rounded font-medium font-sans bg-gray-100 dark:bg-gray-800 ring-1 ring-gray-300 dark:ring-gray-700 ring-inset">O</kbd>"`;
