// Vitest Snapshot v1, https://vitest.dev/guide/snapshot.html

exports[`Link > renders with activeClass correctly 1`] = `"<a class="text-sm"></a>"`;

exports[`Link > renders with as correctly 1`] = `"<div type="button"></div>"`;

exports[`Link > renders with disabled correctly 1`] = `"<button type="button" disabled=""></button>"`;

exports[`Link > renders with inactiveClass correctly 1`] = `"<a class="text-gray-300"></a>"`;

exports[`Link > renders with to correctly 1`] = `"<a></a>"`;

exports[`Link > renders with type correctly 1`] = `"<button type="submit"></button>"`;
