// Vitest Snapshot v1, https://vitest.dev/guide/snapshot.html

exports[`ContextMenu > renders basic case correctly 1`] = `
"<div class="z-20 group">
  <transition-stub enteractiveclass="transition ease-out duration-200" enterfromclass="opacity-0 translate-y-1" entertoclass="opacity-100 translate-y-0" leaveactiveclass="transition ease-in duration-150" leavefromclass="opacity-100 translate-y-0" leavetoclass="opacity-0 translate-y-1" appear="true" persisted="false" css="true">
    <div>
      <!--v-if-->
      <div class="overflow-hidden focus:outline-none relative ring-1 ring-gray-200 dark:ring-gray-800 rounded-md shadow-lg bg-white dark:bg-gray-900"></div>
    </div>
  </transition-stub>
</div>"
`;
