// Vitest Snapshot v1, https://vitest.dev/guide/snapshot.html

exports[`Notifications > renders basic case correctly 1`] = `
"<!--teleport start-->
<!--teleport end-->"
`;
