// Vitest Snapshot v1, https://vitest.dev/guide/snapshot.html

exports[`Popover > renders basic case correctly 1`] = `
"<!-- eslint-disable-next-line vue/no-template-shadow -->
<div class="relative" modelvalue="true" data-headlessui-state="">
  <div class="inline-flex w-full" role="button" id="headlessui-popover-button-0" aria-expanded="false" data-headlessui-state=""><button> Open </button></div>
  <!---->
  <!--v-if-->
  <!--v-if-->
</div>
<div style="position: fixed; height: 0px; padding: 0px; overflow: hidden; clip: rect(0, 0, 0, 0); white-space: nowrap; border-width: 0px; display: none;"></div>"
`;
