// Vitest Snapshot v1, https://vitest.dev/guide/snapshot.html

exports[`Checkbox > renders basic case correctly 1`] = `
"<div class="relative flex items-start">
  <div class="flex items-center h-5"><input type="checkbox" class="h-4 w-4 dark:checked:bg-current dark:checked:border-transparent dark:indeterminate:bg-current dark:indeterminate:border-transparent disabled:opacity-50 disabled:cursor-not-allowed focus:ring-0 focus:ring-transparent focus:ring-offset-transparent form-checkbox rounded bg-white dark:bg-gray-900 border border-gray-300 dark:border-gray-700 focus-visible:ring-2 focus-visible:ring-primary-500 dark:focus-visible:ring-primary-400 focus-visible:ring-offset-2 focus-visible:ring-offset-white dark:focus-visible:ring-offset-gray-900 text-primary-500 dark:text-primary-400"></div>
  <!--v-if-->
</div>"
`;

exports[`Checkbox > renders with custom color correctly 1`] = `
"<div class="relative flex items-start">
  <div class="flex items-center h-5"><input type="checkbox" class="h-4 w-4 dark:checked:bg-current dark:checked:border-transparent dark:indeterminate:bg-current dark:indeterminate:border-transparent disabled:opacity-50 disabled:cursor-not-allowed focus:ring-0 focus:ring-transparent focus:ring-offset-transparent form-checkbox rounded bg-white dark:bg-gray-900 border border-gray-300 dark:border-gray-700 focus-visible:ring-2 focus-visible:ring-red-500 dark:focus-visible:ring-red-400 focus-visible:ring-offset-2 focus-visible:ring-offset-white dark:focus-visible:ring-offset-gray-900 text-red-500 dark:text-red-400"></div>
  <div class="ms-3 flex flex-col"><label class="text-sm font-medium text-gray-700 dark:text-gray-200">Label
      <!--v-if-->
    </label>
    <!--v-if-->
  </div>
</div>"
`;

exports[`Checkbox > renders with custom id correctly 1`] = `
"<div class="relative flex items-start">
  <div class="flex items-center h-5"><input id="custom-id" type="checkbox" class="h-4 w-4 dark:checked:bg-current dark:checked:border-transparent dark:indeterminate:bg-current dark:indeterminate:border-transparent disabled:opacity-50 disabled:cursor-not-allowed focus:ring-0 focus:ring-transparent focus:ring-offset-transparent form-checkbox rounded bg-white dark:bg-gray-900 border border-gray-300 dark:border-gray-700 focus-visible:ring-2 focus-visible:ring-primary-500 dark:focus-visible:ring-primary-400 focus-visible:ring-offset-2 focus-visible:ring-offset-white dark:focus-visible:ring-offset-gray-900 text-primary-500 dark:text-primary-400"></div>
  <!--v-if-->
</div>"
`;

exports[`Checkbox > renders with custom input class correctly 1`] = `
"<div class="relative flex items-start">
  <div class="flex items-center h-5"><input type="checkbox" class="dark:checked:bg-current dark:checked:border-transparent dark:indeterminate:bg-current dark:indeterminate:border-transparent disabled:opacity-50 disabled:cursor-not-allowed focus:ring-0 focus:ring-transparent focus:ring-offset-transparent form-checkbox rounded bg-white dark:bg-gray-900 border border-gray-300 dark:border-gray-700 focus-visible:ring-2 focus-visible:ring-primary-500 dark:focus-visible:ring-primary-400 focus-visible:ring-offset-2 focus-visible:ring-offset-white dark:focus-visible:ring-offset-gray-900 text-primary-500 dark:text-primary-400 w-full h-full"></div>
  <!--v-if-->
</div>"
`;

exports[`Checkbox > renders with custom name correctly 1`] = `
"<div class="relative flex items-start">
  <div class="flex items-center h-5"><input name="custom-name" type="checkbox" class="h-4 w-4 dark:checked:bg-current dark:checked:border-transparent dark:indeterminate:bg-current dark:indeterminate:border-transparent disabled:opacity-50 disabled:cursor-not-allowed focus:ring-0 focus:ring-transparent focus:ring-offset-transparent form-checkbox rounded bg-white dark:bg-gray-900 border border-gray-300 dark:border-gray-700 focus-visible:ring-2 focus-visible:ring-primary-500 dark:focus-visible:ring-primary-400 focus-visible:ring-offset-2 focus-visible:ring-offset-white dark:focus-visible:ring-offset-gray-900 text-primary-500 dark:text-primary-400"></div>
  <!--v-if-->
</div>"
`;

exports[`Checkbox > renders with custom value correctly 1`] = `
"<div class="relative flex items-start">
  <div class="flex items-center h-5"><input type="checkbox" class="h-4 w-4 dark:checked:bg-current dark:checked:border-transparent dark:indeterminate:bg-current dark:indeterminate:border-transparent disabled:opacity-50 disabled:cursor-not-allowed focus:ring-0 focus:ring-transparent focus:ring-offset-transparent form-checkbox rounded bg-white dark:bg-gray-900 border border-gray-300 dark:border-gray-700 focus-visible:ring-2 focus-visible:ring-primary-500 dark:focus-visible:ring-primary-400 focus-visible:ring-offset-2 focus-visible:ring-offset-white dark:focus-visible:ring-offset-gray-900 text-primary-500 dark:text-primary-400" value="custom-value"></div>
  <!--v-if-->
</div>"
`;

exports[`Checkbox > renders with disabled correctly 1`] = `
"<div class="relative flex items-start">
  <div class="flex items-center h-5"><input disabled="" type="checkbox" class="h-4 w-4 dark:checked:bg-current dark:checked:border-transparent dark:indeterminate:bg-current dark:indeterminate:border-transparent disabled:opacity-50 disabled:cursor-not-allowed focus:ring-0 focus:ring-transparent focus:ring-offset-transparent form-checkbox rounded bg-white dark:bg-gray-900 border border-gray-300 dark:border-gray-700 focus-visible:ring-2 focus-visible:ring-primary-500 dark:focus-visible:ring-primary-400 focus-visible:ring-offset-2 focus-visible:ring-offset-white dark:focus-visible:ring-offset-gray-900 text-primary-500 dark:text-primary-400"></div>
  <!--v-if-->
</div>"
`;

exports[`Checkbox > renders with help correctly 1`] = `
"<div class="relative flex items-start">
  <div class="flex items-center h-5"><input type="checkbox" class="h-4 w-4 dark:checked:bg-current dark:checked:border-transparent dark:indeterminate:bg-current dark:indeterminate:border-transparent disabled:opacity-50 disabled:cursor-not-allowed focus:ring-0 focus:ring-transparent focus:ring-offset-transparent form-checkbox rounded bg-white dark:bg-gray-900 border border-gray-300 dark:border-gray-700 focus-visible:ring-2 focus-visible:ring-primary-500 dark:focus-visible:ring-primary-400 focus-visible:ring-offset-2 focus-visible:ring-offset-white dark:focus-visible:ring-offset-gray-900 text-primary-500 dark:text-primary-400"></div>
  <div class="ms-3 flex flex-col"><label class="text-sm font-medium text-gray-700 dark:text-gray-200">Label
      <!--v-if-->
    </label>
    <p class="text-sm text-gray-500 dark:text-gray-400">Help</p>
  </div>
</div>"
`;

exports[`Checkbox > renders with indeterminate correctly 1`] = `
"<div class="relative flex items-start">
  <div class="flex items-center h-5"><input indeterminate="" type="checkbox" class="h-4 w-4 dark:checked:bg-current dark:checked:border-transparent dark:indeterminate:bg-current dark:indeterminate:border-transparent disabled:opacity-50 disabled:cursor-not-allowed focus:ring-0 focus:ring-transparent focus:ring-offset-transparent form-checkbox rounded bg-white dark:bg-gray-900 border border-gray-300 dark:border-gray-700 focus-visible:ring-2 focus-visible:ring-primary-500 dark:focus-visible:ring-primary-400 focus-visible:ring-offset-2 focus-visible:ring-offset-white dark:focus-visible:ring-offset-gray-900 text-primary-500 dark:text-primary-400"></div>
  <!--v-if-->
</div>"
`;

exports[`Checkbox > renders with label correctly 1`] = `
"<div class="relative flex items-start">
  <div class="flex items-center h-5"><input type="checkbox" class="h-4 w-4 dark:checked:bg-current dark:checked:border-transparent dark:indeterminate:bg-current dark:indeterminate:border-transparent disabled:opacity-50 disabled:cursor-not-allowed focus:ring-0 focus:ring-transparent focus:ring-offset-transparent form-checkbox rounded bg-white dark:bg-gray-900 border border-gray-300 dark:border-gray-700 focus-visible:ring-2 focus-visible:ring-primary-500 dark:focus-visible:ring-primary-400 focus-visible:ring-offset-2 focus-visible:ring-offset-white dark:focus-visible:ring-offset-gray-900 text-primary-500 dark:text-primary-400"></div>
  <div class="ms-3 flex flex-col"><label class="text-sm font-medium text-gray-700 dark:text-gray-200">Label
      <!--v-if-->
    </label>
    <!--v-if-->
  </div>
</div>"
`;

exports[`Checkbox > renders with required correctly 1`] = `
"<div class="relative flex items-start">
  <div class="flex items-center h-5"><input required="" type="checkbox" class="h-4 w-4 dark:checked:bg-current dark:checked:border-transparent dark:indeterminate:bg-current dark:indeterminate:border-transparent disabled:opacity-50 disabled:cursor-not-allowed focus:ring-0 focus:ring-transparent focus:ring-offset-transparent form-checkbox rounded bg-white dark:bg-gray-900 border border-gray-300 dark:border-gray-700 focus-visible:ring-2 focus-visible:ring-primary-500 dark:focus-visible:ring-primary-400 focus-visible:ring-offset-2 focus-visible:ring-offset-white dark:focus-visible:ring-offset-gray-900 text-primary-500 dark:text-primary-400"></div>
  <div class="ms-3 flex flex-col"><label class="text-sm font-medium text-gray-700 dark:text-gray-200">Label<span class="text-sm text-red-500 dark:text-red-400">*</span></label>
    <!--v-if-->
  </div>
</div>"
`;

exports[`Checkbox > renders with slot label correctly 1`] = `
"<div class="relative flex items-start">
  <div class="flex items-center h-5"><input type="checkbox" class="h-4 w-4 dark:checked:bg-current dark:checked:border-transparent dark:indeterminate:bg-current dark:indeterminate:border-transparent disabled:opacity-50 disabled:cursor-not-allowed focus:ring-0 focus:ring-transparent focus:ring-offset-transparent form-checkbox rounded bg-white dark:bg-gray-900 border border-gray-300 dark:border-gray-700 focus-visible:ring-2 focus-visible:ring-primary-500 dark:focus-visible:ring-primary-400 focus-visible:ring-offset-2 focus-visible:ring-offset-white dark:focus-visible:ring-offset-gray-900 text-primary-500 dark:text-primary-400"></div>
  <div class="ms-3 flex flex-col"><label class="text-sm font-medium text-gray-700 dark:text-gray-200">Label slot
      <!--v-if-->
    </label>
    <!--v-if-->
  </div>
</div>"
`;
