// Vitest Snapshot v1, https://vitest.dev/guide/snapshot.html

exports[`Range > renders basic case correctly 1`] = `"<div class="relative w-full flex items-center h-4"><input min="0" max="100" step="1" type="range" class="w-full absolute appearance-none cursor-pointer disabled:cursor-not-allowed disabled:bg-opacity-50 focus:outline-none peer group bg-transparent rounded-lg focus-visible:ring-2 focus-visible:ring-primary-500 dark:focus-visible:ring-primary-400 focus-visible:ring-offset-2 focus-visible:ring-offset-white dark:focus-visible:ring-offset-gray-900 h-4 [&::-webkit-slider-thumb]:relative [&::-moz-range-thumb]:relative [&::-webkit-slider-thumb]:z-[1] [&::-moz-range-thumb]:z-[1] [&::-webkit-slider-thumb]:appearance-none [&::-moz-range-thumb]:appearance-none [&::-webkit-slider-thumb]:rounded-full [&::-moz-range-thumb]:rounded-full [&::-moz-range-thumb]:border-0 text-primary-500 dark:text-primary-400 [&::-webkit-slider-thumb]:ring-2 [&::-webkit-slider-thumb]:ring-current [&::-webkit-slider-thumb]:bg-white [&::-webkit-slider-thumb]:dark:bg-gray-900 [&::-moz-range-thumb]:bg-current [&::-webkit-slider-thumb]:h-4 [&::-moz-range-thumb]:h-4 [&::-webkit-slider-thumb]:w-4 [&::-moz-range-thumb]:w-4 [&::-webkit-slider-thumb]:-mt-1 [&::-moz-range-thumb]:-mt-1 [&::-webkit-slider-runnable-track]:group-disabled:bg-opacity-50 [&::-moz-range-track]:group-disabled:bg-opacity-50 [&::-webkit-slider-runnable-track]:bg-gray-200 [&::-moz-range-track]:bg-gray-200 [&::-webkit-slider-runnable-track]:dark:bg-gray-700 [&::-moz-range-track]:dark:bg-gray-700 [&::-webkit-slider-runnable-track]:rounded-lg [&::-moz-range-track]:rounded-lg [&::-webkit-slider-runnable-track]:h-2 [&::-moz-range-track]:h-2"><span class="absolute pointer-events-none peer-disabled:bg-opacity-50 rounded-s-lg bg-primary-500 dark:bg-primary-400 h-2" style="width: 0%;"></span></div>"`;

exports[`Range > renders with custom color correctly 1`] = `"<div class="relative w-full flex items-center h-4"><input min="0" max="100" step="1" type="range" class="w-full absolute appearance-none cursor-pointer disabled:cursor-not-allowed disabled:bg-opacity-50 focus:outline-none peer group bg-transparent rounded-lg focus-visible:ring-2 focus-visible:ring-red-500 dark:focus-visible:ring-red-400 focus-visible:ring-offset-2 focus-visible:ring-offset-white dark:focus-visible:ring-offset-gray-900 h-4 [&::-webkit-slider-thumb]:relative [&::-moz-range-thumb]:relative [&::-webkit-slider-thumb]:z-[1] [&::-moz-range-thumb]:z-[1] [&::-webkit-slider-thumb]:appearance-none [&::-moz-range-thumb]:appearance-none [&::-webkit-slider-thumb]:rounded-full [&::-moz-range-thumb]:rounded-full [&::-moz-range-thumb]:border-0 text-red-500 dark:text-red-400 [&::-webkit-slider-thumb]:ring-2 [&::-webkit-slider-thumb]:ring-current [&::-webkit-slider-thumb]:bg-white [&::-webkit-slider-thumb]:dark:bg-gray-900 [&::-moz-range-thumb]:bg-current [&::-webkit-slider-thumb]:h-4 [&::-moz-range-thumb]:h-4 [&::-webkit-slider-thumb]:w-4 [&::-moz-range-thumb]:w-4 [&::-webkit-slider-thumb]:-mt-1 [&::-moz-range-thumb]:-mt-1 [&::-webkit-slider-runnable-track]:group-disabled:bg-opacity-50 [&::-moz-range-track]:group-disabled:bg-opacity-50 [&::-webkit-slider-runnable-track]:bg-gray-200 [&::-moz-range-track]:bg-gray-200 [&::-webkit-slider-runnable-track]:dark:bg-gray-700 [&::-moz-range-track]:dark:bg-gray-700 [&::-webkit-slider-runnable-track]:rounded-lg [&::-moz-range-track]:rounded-lg [&::-webkit-slider-runnable-track]:h-2 [&::-moz-range-track]:h-2"><span class="absolute pointer-events-none peer-disabled:bg-opacity-50 rounded-s-lg bg-red-500 dark:bg-red-400 h-2" style="width: 0%;"></span></div>"`;

exports[`Range > renders with custom id correctly 1`] = `"<div class="relative w-full flex items-center h-4"><input id="myRange" min="0" max="100" step="1" type="range" class="w-full absolute appearance-none cursor-pointer disabled:cursor-not-allowed disabled:bg-opacity-50 focus:outline-none peer group bg-transparent rounded-lg focus-visible:ring-2 focus-visible:ring-primary-500 dark:focus-visible:ring-primary-400 focus-visible:ring-offset-2 focus-visible:ring-offset-white dark:focus-visible:ring-offset-gray-900 h-4 [&::-webkit-slider-thumb]:relative [&::-moz-range-thumb]:relative [&::-webkit-slider-thumb]:z-[1] [&::-moz-range-thumb]:z-[1] [&::-webkit-slider-thumb]:appearance-none [&::-moz-range-thumb]:appearance-none [&::-webkit-slider-thumb]:rounded-full [&::-moz-range-thumb]:rounded-full [&::-moz-range-thumb]:border-0 text-primary-500 dark:text-primary-400 [&::-webkit-slider-thumb]:ring-2 [&::-webkit-slider-thumb]:ring-current [&::-webkit-slider-thumb]:bg-white [&::-webkit-slider-thumb]:dark:bg-gray-900 [&::-moz-range-thumb]:bg-current [&::-webkit-slider-thumb]:h-4 [&::-moz-range-thumb]:h-4 [&::-webkit-slider-thumb]:w-4 [&::-moz-range-thumb]:w-4 [&::-webkit-slider-thumb]:-mt-1 [&::-moz-range-thumb]:-mt-1 [&::-webkit-slider-runnable-track]:group-disabled:bg-opacity-50 [&::-moz-range-track]:group-disabled:bg-opacity-50 [&::-webkit-slider-runnable-track]:bg-gray-200 [&::-moz-range-track]:bg-gray-200 [&::-webkit-slider-runnable-track]:dark:bg-gray-700 [&::-moz-range-track]:dark:bg-gray-700 [&::-webkit-slider-runnable-track]:rounded-lg [&::-moz-range-track]:rounded-lg [&::-webkit-slider-runnable-track]:h-2 [&::-moz-range-track]:h-2"><span class="absolute pointer-events-none peer-disabled:bg-opacity-50 rounded-s-lg bg-primary-500 dark:bg-primary-400 h-2" style="width: 0%;"></span></div>"`;

exports[`Range > renders with custom max correctly 1`] = `"<div class="relative w-full flex items-center h-4"><input min="0" max="200" step="1" type="range" class="w-full absolute appearance-none cursor-pointer disabled:cursor-not-allowed disabled:bg-opacity-50 focus:outline-none peer group bg-transparent rounded-lg focus-visible:ring-2 focus-visible:ring-primary-500 dark:focus-visible:ring-primary-400 focus-visible:ring-offset-2 focus-visible:ring-offset-white dark:focus-visible:ring-offset-gray-900 h-4 [&::-webkit-slider-thumb]:relative [&::-moz-range-thumb]:relative [&::-webkit-slider-thumb]:z-[1] [&::-moz-range-thumb]:z-[1] [&::-webkit-slider-thumb]:appearance-none [&::-moz-range-thumb]:appearance-none [&::-webkit-slider-thumb]:rounded-full [&::-moz-range-thumb]:rounded-full [&::-moz-range-thumb]:border-0 text-primary-500 dark:text-primary-400 [&::-webkit-slider-thumb]:ring-2 [&::-webkit-slider-thumb]:ring-current [&::-webkit-slider-thumb]:bg-white [&::-webkit-slider-thumb]:dark:bg-gray-900 [&::-moz-range-thumb]:bg-current [&::-webkit-slider-thumb]:h-4 [&::-moz-range-thumb]:h-4 [&::-webkit-slider-thumb]:w-4 [&::-moz-range-thumb]:w-4 [&::-webkit-slider-thumb]:-mt-1 [&::-moz-range-thumb]:-mt-1 [&::-webkit-slider-runnable-track]:group-disabled:bg-opacity-50 [&::-moz-range-track]:group-disabled:bg-opacity-50 [&::-webkit-slider-runnable-track]:bg-gray-200 [&::-moz-range-track]:bg-gray-200 [&::-webkit-slider-runnable-track]:dark:bg-gray-700 [&::-moz-range-track]:dark:bg-gray-700 [&::-webkit-slider-runnable-track]:rounded-lg [&::-moz-range-track]:rounded-lg [&::-webkit-slider-runnable-track]:h-2 [&::-moz-range-track]:h-2"><span class="absolute pointer-events-none peer-disabled:bg-opacity-50 rounded-s-lg bg-primary-500 dark:bg-primary-400 h-2" style="width: 0%;"></span></div>"`;

exports[`Range > renders with custom min correctly 1`] = `"<div class="relative w-full flex items-center h-4"><input min="10" max="100" step="1" type="range" class="w-full absolute appearance-none cursor-pointer disabled:cursor-not-allowed disabled:bg-opacity-50 focus:outline-none peer group bg-transparent rounded-lg focus-visible:ring-2 focus-visible:ring-primary-500 dark:focus-visible:ring-primary-400 focus-visible:ring-offset-2 focus-visible:ring-offset-white dark:focus-visible:ring-offset-gray-900 h-4 [&::-webkit-slider-thumb]:relative [&::-moz-range-thumb]:relative [&::-webkit-slider-thumb]:z-[1] [&::-moz-range-thumb]:z-[1] [&::-webkit-slider-thumb]:appearance-none [&::-moz-range-thumb]:appearance-none [&::-webkit-slider-thumb]:rounded-full [&::-moz-range-thumb]:rounded-full [&::-moz-range-thumb]:border-0 text-primary-500 dark:text-primary-400 [&::-webkit-slider-thumb]:ring-2 [&::-webkit-slider-thumb]:ring-current [&::-webkit-slider-thumb]:bg-white [&::-webkit-slider-thumb]:dark:bg-gray-900 [&::-moz-range-thumb]:bg-current [&::-webkit-slider-thumb]:h-4 [&::-moz-range-thumb]:h-4 [&::-webkit-slider-thumb]:w-4 [&::-moz-range-thumb]:w-4 [&::-webkit-slider-thumb]:-mt-1 [&::-moz-range-thumb]:-mt-1 [&::-webkit-slider-runnable-track]:group-disabled:bg-opacity-50 [&::-moz-range-track]:group-disabled:bg-opacity-50 [&::-webkit-slider-runnable-track]:bg-gray-200 [&::-moz-range-track]:bg-gray-200 [&::-webkit-slider-runnable-track]:dark:bg-gray-700 [&::-moz-range-track]:dark:bg-gray-700 [&::-webkit-slider-runnable-track]:rounded-lg [&::-moz-range-track]:rounded-lg [&::-webkit-slider-runnable-track]:h-2 [&::-moz-range-track]:h-2"><span class="absolute pointer-events-none peer-disabled:bg-opacity-50 rounded-s-lg bg-primary-500 dark:bg-primary-400 h-2" style="width: 0%;"></span></div>"`;

exports[`Range > renders with custom name correctly 1`] = `"<div class="relative w-full flex items-center h-4"><input name="myRangeInput" min="0" max="100" step="1" type="range" class="w-full absolute appearance-none cursor-pointer disabled:cursor-not-allowed disabled:bg-opacity-50 focus:outline-none peer group bg-transparent rounded-lg focus-visible:ring-2 focus-visible:ring-primary-500 dark:focus-visible:ring-primary-400 focus-visible:ring-offset-2 focus-visible:ring-offset-white dark:focus-visible:ring-offset-gray-900 h-4 [&::-webkit-slider-thumb]:relative [&::-moz-range-thumb]:relative [&::-webkit-slider-thumb]:z-[1] [&::-moz-range-thumb]:z-[1] [&::-webkit-slider-thumb]:appearance-none [&::-moz-range-thumb]:appearance-none [&::-webkit-slider-thumb]:rounded-full [&::-moz-range-thumb]:rounded-full [&::-moz-range-thumb]:border-0 text-primary-500 dark:text-primary-400 [&::-webkit-slider-thumb]:ring-2 [&::-webkit-slider-thumb]:ring-current [&::-webkit-slider-thumb]:bg-white [&::-webkit-slider-thumb]:dark:bg-gray-900 [&::-moz-range-thumb]:bg-current [&::-webkit-slider-thumb]:h-4 [&::-moz-range-thumb]:h-4 [&::-webkit-slider-thumb]:w-4 [&::-moz-range-thumb]:w-4 [&::-webkit-slider-thumb]:-mt-1 [&::-moz-range-thumb]:-mt-1 [&::-webkit-slider-runnable-track]:group-disabled:bg-opacity-50 [&::-moz-range-track]:group-disabled:bg-opacity-50 [&::-webkit-slider-runnable-track]:bg-gray-200 [&::-moz-range-track]:bg-gray-200 [&::-webkit-slider-runnable-track]:dark:bg-gray-700 [&::-moz-range-track]:dark:bg-gray-700 [&::-webkit-slider-runnable-track]:rounded-lg [&::-moz-range-track]:rounded-lg [&::-webkit-slider-runnable-track]:h-2 [&::-moz-range-track]:h-2"><span class="absolute pointer-events-none peer-disabled:bg-opacity-50 rounded-s-lg bg-primary-500 dark:bg-primary-400 h-2" style="width: 0%;"></span></div>"`;

exports[`Range > renders with custom size correctly 1`] = `"<div class="relative w-full flex items-center h-5"><input min="0" max="100" step="1" type="range" class="w-full absolute appearance-none cursor-pointer disabled:cursor-not-allowed disabled:bg-opacity-50 focus:outline-none peer group bg-transparent rounded-lg focus-visible:ring-2 focus-visible:ring-primary-500 dark:focus-visible:ring-primary-400 focus-visible:ring-offset-2 focus-visible:ring-offset-white dark:focus-visible:ring-offset-gray-900 h-5 [&::-webkit-slider-thumb]:relative [&::-moz-range-thumb]:relative [&::-webkit-slider-thumb]:z-[1] [&::-moz-range-thumb]:z-[1] [&::-webkit-slider-thumb]:appearance-none [&::-moz-range-thumb]:appearance-none [&::-webkit-slider-thumb]:rounded-full [&::-moz-range-thumb]:rounded-full [&::-moz-range-thumb]:border-0 text-primary-500 dark:text-primary-400 [&::-webkit-slider-thumb]:ring-2 [&::-webkit-slider-thumb]:ring-current [&::-webkit-slider-thumb]:bg-white [&::-webkit-slider-thumb]:dark:bg-gray-900 [&::-moz-range-thumb]:bg-current [&::-webkit-slider-thumb]:h-5 [&::-moz-range-thumb]:h-5 [&::-webkit-slider-thumb]:w-5 [&::-moz-range-thumb]:w-5 [&::-webkit-slider-thumb]:-mt-1 [&::-moz-range-thumb]:-mt-1 [&::-webkit-slider-runnable-track]:group-disabled:bg-opacity-50 [&::-moz-range-track]:group-disabled:bg-opacity-50 [&::-webkit-slider-runnable-track]:bg-gray-200 [&::-moz-range-track]:bg-gray-200 [&::-webkit-slider-runnable-track]:dark:bg-gray-700 [&::-moz-range-track]:dark:bg-gray-700 [&::-webkit-slider-runnable-track]:rounded-lg [&::-moz-range-track]:rounded-lg [&::-webkit-slider-runnable-track]:h-3 [&::-moz-range-track]:h-3"><span class="absolute pointer-events-none peer-disabled:bg-opacity-50 rounded-s-lg bg-primary-500 dark:bg-primary-400 h-3" style="width: 0%;"></span></div>"`;

exports[`Range > renders with custom step correctly 1`] = `"<div class="relative w-full flex items-center h-4"><input min="0" max="100" step="5" type="range" class="w-full absolute appearance-none cursor-pointer disabled:cursor-not-allowed disabled:bg-opacity-50 focus:outline-none peer group bg-transparent rounded-lg focus-visible:ring-2 focus-visible:ring-primary-500 dark:focus-visible:ring-primary-400 focus-visible:ring-offset-2 focus-visible:ring-offset-white dark:focus-visible:ring-offset-gray-900 h-4 [&::-webkit-slider-thumb]:relative [&::-moz-range-thumb]:relative [&::-webkit-slider-thumb]:z-[1] [&::-moz-range-thumb]:z-[1] [&::-webkit-slider-thumb]:appearance-none [&::-moz-range-thumb]:appearance-none [&::-webkit-slider-thumb]:rounded-full [&::-moz-range-thumb]:rounded-full [&::-moz-range-thumb]:border-0 text-primary-500 dark:text-primary-400 [&::-webkit-slider-thumb]:ring-2 [&::-webkit-slider-thumb]:ring-current [&::-webkit-slider-thumb]:bg-white [&::-webkit-slider-thumb]:dark:bg-gray-900 [&::-moz-range-thumb]:bg-current [&::-webkit-slider-thumb]:h-4 [&::-moz-range-thumb]:h-4 [&::-webkit-slider-thumb]:w-4 [&::-moz-range-thumb]:w-4 [&::-webkit-slider-thumb]:-mt-1 [&::-moz-range-thumb]:-mt-1 [&::-webkit-slider-runnable-track]:group-disabled:bg-opacity-50 [&::-moz-range-track]:group-disabled:bg-opacity-50 [&::-webkit-slider-runnable-track]:bg-gray-200 [&::-moz-range-track]:bg-gray-200 [&::-webkit-slider-runnable-track]:dark:bg-gray-700 [&::-moz-range-track]:dark:bg-gray-700 [&::-webkit-slider-runnable-track]:rounded-lg [&::-moz-range-track]:rounded-lg [&::-webkit-slider-runnable-track]:h-2 [&::-moz-range-track]:h-2"><span class="absolute pointer-events-none peer-disabled:bg-opacity-50 rounded-s-lg bg-primary-500 dark:bg-primary-400 h-2" style="width: 0%;"></span></div>"`;

exports[`Range > renders with disabled correctly 1`] = `"<div class="relative w-full flex items-center h-4"><input min="0" max="100" disabled="" step="1" type="range" class="w-full absolute appearance-none cursor-pointer disabled:cursor-not-allowed disabled:bg-opacity-50 focus:outline-none peer group bg-transparent rounded-lg focus-visible:ring-2 focus-visible:ring-primary-500 dark:focus-visible:ring-primary-400 focus-visible:ring-offset-2 focus-visible:ring-offset-white dark:focus-visible:ring-offset-gray-900 h-4 [&::-webkit-slider-thumb]:relative [&::-moz-range-thumb]:relative [&::-webkit-slider-thumb]:z-[1] [&::-moz-range-thumb]:z-[1] [&::-webkit-slider-thumb]:appearance-none [&::-moz-range-thumb]:appearance-none [&::-webkit-slider-thumb]:rounded-full [&::-moz-range-thumb]:rounded-full [&::-moz-range-thumb]:border-0 text-primary-500 dark:text-primary-400 [&::-webkit-slider-thumb]:ring-2 [&::-webkit-slider-thumb]:ring-current [&::-webkit-slider-thumb]:bg-white [&::-webkit-slider-thumb]:dark:bg-gray-900 [&::-moz-range-thumb]:bg-current [&::-webkit-slider-thumb]:h-4 [&::-moz-range-thumb]:h-4 [&::-webkit-slider-thumb]:w-4 [&::-moz-range-thumb]:w-4 [&::-webkit-slider-thumb]:-mt-1 [&::-moz-range-thumb]:-mt-1 [&::-webkit-slider-runnable-track]:group-disabled:bg-opacity-50 [&::-moz-range-track]:group-disabled:bg-opacity-50 [&::-webkit-slider-runnable-track]:bg-gray-200 [&::-moz-range-track]:bg-gray-200 [&::-webkit-slider-runnable-track]:dark:bg-gray-700 [&::-moz-range-track]:dark:bg-gray-700 [&::-webkit-slider-runnable-track]:rounded-lg [&::-moz-range-track]:rounded-lg [&::-webkit-slider-runnable-track]:h-2 [&::-moz-range-track]:h-2"><span class="absolute pointer-events-none peer-disabled:bg-opacity-50 rounded-s-lg bg-primary-500 dark:bg-primary-400 h-2" style="width: 0%;"></span></div>"`;
