// Vitest Snapshot v1, https://vitest.dev/guide/snapshot.html

exports[`HorizontalNavigation > renders with avatar slot correctly 1`] = `
"<nav class="relative w-full flex items-center justify-between">
  <ul class="flex items-center min-w-0">
    <li class="min-w-0"><button type="button" class="group relative w-full flex items-center gap-1.5 px-2.5 py-3.5 rounded-md font-medium text-sm focus:outline-none focus-visible:outline-none dark:focus-visible:outline-none focus-visible:ring-inset focus-visible:ring-2 focus-visible:ring-primary-500 dark:focus-visible:ring-primary-400 disabled:cursor-not-allowed disabled:opacity-75 before:absolute before:inset-x-0 before:inset-y-2 before:inset-px before:rounded-md hover:before:bg-gray-50 dark:hover:before:bg-gray-800/50 after:absolute after:bottom-0 after:inset-x-2.5 after:block after:h-[2px] after:mt-2 text-gray-500 dark:text-gray-400 hover:text-gray-900 dark:hover:text-white">Avatar slot<span class="i-heroicons-academic-cap flex-shrink-0 text-gray-400 dark:text-gray-500 group-hover:text-gray-700 dark:group-hover:text-gray-200 w-5 h-5"></span><span class="truncate relative text-sm"><!--v-if--> Home</span>
        <!--v-if-->
      </button></li>
    <li class="min-w-0"><button type="button" class="group relative w-full flex items-center gap-1.5 px-2.5 py-3.5 rounded-md font-medium text-sm focus:outline-none focus-visible:outline-none dark:focus-visible:outline-none focus-visible:ring-inset focus-visible:ring-2 focus-visible:ring-primary-500 dark:focus-visible:ring-primary-400 disabled:cursor-not-allowed disabled:opacity-75 before:absolute before:inset-x-0 before:inset-y-2 before:inset-px before:rounded-md hover:before:bg-gray-50 dark:hover:before:bg-gray-800/50 after:absolute after:bottom-0 after:inset-x-2.5 after:block after:h-[2px] after:mt-2 text-gray-500 dark:text-gray-400 hover:text-gray-900 dark:hover:text-white">Avatar slot
        <!--v-if--><span class="truncate relative"><!--v-if--> Settings</span><span class="inline-flex items-center font-medium text-xs px-1.5 py-0.5 ring-1 ring-inset ring-gray-300 dark:ring-gray-700 text-gray-700 dark:text-gray-200 bg-gray-50 dark:bg-gray-800 flex-shrink-0 ml-auto relative rounded">badge</span>
      </button></li>
    <li class="min-w-0"><button type="button" class="group relative w-full flex items-center gap-1.5 px-2.5 py-3.5 rounded-md font-medium text-sm focus:outline-none focus-visible:outline-none dark:focus-visible:outline-none focus-visible:ring-inset focus-visible:ring-2 focus-visible:ring-primary-500 dark:focus-visible:ring-primary-400 disabled:cursor-not-allowed disabled:opacity-75 before:absolute before:inset-x-0 before:inset-y-2 before:inset-px before:rounded-md hover:before:bg-gray-50 dark:hover:before:bg-gray-800/50 after:absolute after:bottom-0 after:inset-x-2.5 after:block after:h-[2px] after:mt-2 text-gray-500 dark:text-gray-400 hover:text-gray-900 dark:hover:text-white">Avatar slot
        <!--v-if--><span class="truncate relative"><!--v-if--> About</span>
        <!--v-if-->
      </button></li>
  </ul>
</nav>"
`;

exports[`HorizontalNavigation > renders with badge slot correctly 1`] = `
"<nav class="relative w-full flex items-center justify-between">
  <ul class="flex items-center min-w-0">
    <li class="min-w-0"><button type="button" class="group relative w-full flex items-center gap-1.5 px-2.5 py-3.5 rounded-md font-medium text-sm focus:outline-none focus-visible:outline-none dark:focus-visible:outline-none focus-visible:ring-inset focus-visible:ring-2 focus-visible:ring-primary-500 dark:focus-visible:ring-primary-400 disabled:cursor-not-allowed disabled:opacity-75 before:absolute before:inset-x-0 before:inset-y-2 before:inset-px before:rounded-md hover:before:bg-gray-50 dark:hover:before:bg-gray-800/50 after:absolute after:bottom-0 after:inset-x-2.5 after:block after:h-[2px] after:mt-2 text-gray-500 dark:text-gray-400 hover:text-gray-900 dark:hover:text-white">
        <!--v-if--><span class="i-heroicons-academic-cap flex-shrink-0 text-gray-400 dark:text-gray-500 group-hover:text-gray-700 dark:group-hover:text-gray-200 w-5 h-5"></span><span class="truncate relative text-sm"><!--v-if--> Home</span>Badge slot
      </button></li>
    <li class="min-w-0"><button type="button" class="group relative w-full flex items-center gap-1.5 px-2.5 py-3.5 rounded-md font-medium text-sm focus:outline-none focus-visible:outline-none dark:focus-visible:outline-none focus-visible:ring-inset focus-visible:ring-2 focus-visible:ring-primary-500 dark:focus-visible:ring-primary-400 disabled:cursor-not-allowed disabled:opacity-75 before:absolute before:inset-x-0 before:inset-y-2 before:inset-px before:rounded-md hover:before:bg-gray-50 dark:hover:before:bg-gray-800/50 after:absolute after:bottom-0 after:inset-x-2.5 after:block after:h-[2px] after:mt-2 text-gray-500 dark:text-gray-400 hover:text-gray-900 dark:hover:text-white">
        <!--v-if-->
        <!--v-if--><span class="truncate relative"><!--v-if--> Settings</span>Badge slot
      </button></li>
    <li class="min-w-0"><button type="button" class="group relative w-full flex items-center gap-1.5 px-2.5 py-3.5 rounded-md font-medium text-sm focus:outline-none focus-visible:outline-none dark:focus-visible:outline-none focus-visible:ring-inset focus-visible:ring-2 focus-visible:ring-primary-500 dark:focus-visible:ring-primary-400 disabled:cursor-not-allowed disabled:opacity-75 before:absolute before:inset-x-0 before:inset-y-2 before:inset-px before:rounded-md hover:before:bg-gray-50 dark:hover:before:bg-gray-800/50 after:absolute after:bottom-0 after:inset-x-2.5 after:block after:h-[2px] after:mt-2 text-gray-500 dark:text-gray-400 hover:text-gray-900 dark:hover:text-white"><span class="relative inline-flex items-center justify-center flex-shrink-0 rounded-full h-5 w-5 text-[10px] flex-shrink-0"><img class="rounded-full h-5 w-5 text-[10px]" alt="nuxtui" src="https://repository-images.githubusercontent.com/428329515/43fec891-9030-4601-8233-5d45ba5c6013"><!--v-if--></span>
        <!--v-if--><span class="truncate relative"><!--v-if--> About</span>Badge slot
      </button></li>
  </ul>
</nav>"
`;

exports[`HorizontalNavigation > renders with icon slot correctly 1`] = `
"<nav class="relative w-full flex items-center justify-between">
  <ul class="flex items-center min-w-0">
    <li class="min-w-0"><button type="button" class="group relative w-full flex items-center gap-1.5 px-2.5 py-3.5 rounded-md font-medium text-sm focus:outline-none focus-visible:outline-none dark:focus-visible:outline-none focus-visible:ring-inset focus-visible:ring-2 focus-visible:ring-primary-500 dark:focus-visible:ring-primary-400 disabled:cursor-not-allowed disabled:opacity-75 before:absolute before:inset-x-0 before:inset-y-2 before:inset-px before:rounded-md hover:before:bg-gray-50 dark:hover:before:bg-gray-800/50 after:absolute after:bottom-0 after:inset-x-2.5 after:block after:h-[2px] after:mt-2 text-gray-500 dark:text-gray-400 hover:text-gray-900 dark:hover:text-white">
        <!--v-if-->Icon slot<span class="truncate relative text-sm"><!--v-if--> Home</span>
        <!--v-if-->
      </button></li>
    <li class="min-w-0"><button type="button" class="group relative w-full flex items-center gap-1.5 px-2.5 py-3.5 rounded-md font-medium text-sm focus:outline-none focus-visible:outline-none dark:focus-visible:outline-none focus-visible:ring-inset focus-visible:ring-2 focus-visible:ring-primary-500 dark:focus-visible:ring-primary-400 disabled:cursor-not-allowed disabled:opacity-75 before:absolute before:inset-x-0 before:inset-y-2 before:inset-px before:rounded-md hover:before:bg-gray-50 dark:hover:before:bg-gray-800/50 after:absolute after:bottom-0 after:inset-x-2.5 after:block after:h-[2px] after:mt-2 text-gray-500 dark:text-gray-400 hover:text-gray-900 dark:hover:text-white">
        <!--v-if-->Icon slot<span class="truncate relative"><!--v-if--> Settings</span><span class="inline-flex items-center font-medium text-xs px-1.5 py-0.5 ring-1 ring-inset ring-gray-300 dark:ring-gray-700 text-gray-700 dark:text-gray-200 bg-gray-50 dark:bg-gray-800 flex-shrink-0 ml-auto relative rounded">badge</span>
      </button></li>
    <li class="min-w-0"><button type="button" class="group relative w-full flex items-center gap-1.5 px-2.5 py-3.5 rounded-md font-medium text-sm focus:outline-none focus-visible:outline-none dark:focus-visible:outline-none focus-visible:ring-inset focus-visible:ring-2 focus-visible:ring-primary-500 dark:focus-visible:ring-primary-400 disabled:cursor-not-allowed disabled:opacity-75 before:absolute before:inset-x-0 before:inset-y-2 before:inset-px before:rounded-md hover:before:bg-gray-50 dark:hover:before:bg-gray-800/50 after:absolute after:bottom-0 after:inset-x-2.5 after:block after:h-[2px] after:mt-2 text-gray-500 dark:text-gray-400 hover:text-gray-900 dark:hover:text-white"><span class="relative inline-flex items-center justify-center flex-shrink-0 rounded-full h-5 w-5 text-[10px] flex-shrink-0"><img class="rounded-full h-5 w-5 text-[10px]" alt="nuxtui" src="https://repository-images.githubusercontent.com/428329515/43fec891-9030-4601-8233-5d45ba5c6013"><!--v-if--></span>Icon slot<span class="truncate relative"><!--v-if--> About</span>
        <!--v-if-->
      </button></li>
  </ul>
</nav>"
`;

exports[`HorizontalNavigation > renders with links correctly 1`] = `
"<nav class="relative w-full flex items-center justify-between">
  <ul class="flex items-center min-w-0">
    <li class="min-w-0"><button type="button" class="group relative w-full flex items-center gap-1.5 px-2.5 py-3.5 rounded-md font-medium text-sm focus:outline-none focus-visible:outline-none dark:focus-visible:outline-none focus-visible:ring-inset focus-visible:ring-2 focus-visible:ring-primary-500 dark:focus-visible:ring-primary-400 disabled:cursor-not-allowed disabled:opacity-75 before:absolute before:inset-x-0 before:inset-y-2 before:inset-px before:rounded-md hover:before:bg-gray-50 dark:hover:before:bg-gray-800/50 after:absolute after:bottom-0 after:inset-x-2.5 after:block after:h-[2px] after:mt-2 text-gray-500 dark:text-gray-400 hover:text-gray-900 dark:hover:text-white">
        <!--v-if--><span class="i-heroicons-academic-cap flex-shrink-0 text-gray-400 dark:text-gray-500 group-hover:text-gray-700 dark:group-hover:text-gray-200 w-5 h-5"></span><span class="truncate relative text-sm"><!--v-if--> Home</span>
        <!--v-if-->
      </button></li>
    <li class="min-w-0"><button type="button" class="group relative w-full flex items-center gap-1.5 px-2.5 py-3.5 rounded-md font-medium text-sm focus:outline-none focus-visible:outline-none dark:focus-visible:outline-none focus-visible:ring-inset focus-visible:ring-2 focus-visible:ring-primary-500 dark:focus-visible:ring-primary-400 disabled:cursor-not-allowed disabled:opacity-75 before:absolute before:inset-x-0 before:inset-y-2 before:inset-px before:rounded-md hover:before:bg-gray-50 dark:hover:before:bg-gray-800/50 after:absolute after:bottom-0 after:inset-x-2.5 after:block after:h-[2px] after:mt-2 text-gray-500 dark:text-gray-400 hover:text-gray-900 dark:hover:text-white">
        <!--v-if-->
        <!--v-if--><span class="truncate relative"><!--v-if--> Settings</span><span class="inline-flex items-center font-medium text-xs px-1.5 py-0.5 ring-1 ring-inset ring-gray-300 dark:ring-gray-700 text-gray-700 dark:text-gray-200 bg-gray-50 dark:bg-gray-800 flex-shrink-0 ml-auto relative rounded">badge</span>
      </button></li>
    <li class="min-w-0"><button type="button" class="group relative w-full flex items-center gap-1.5 px-2.5 py-3.5 rounded-md font-medium text-sm focus:outline-none focus-visible:outline-none dark:focus-visible:outline-none focus-visible:ring-inset focus-visible:ring-2 focus-visible:ring-primary-500 dark:focus-visible:ring-primary-400 disabled:cursor-not-allowed disabled:opacity-75 before:absolute before:inset-x-0 before:inset-y-2 before:inset-px before:rounded-md hover:before:bg-gray-50 dark:hover:before:bg-gray-800/50 after:absolute after:bottom-0 after:inset-x-2.5 after:block after:h-[2px] after:mt-2 text-gray-500 dark:text-gray-400 hover:text-gray-900 dark:hover:text-white"><span class="relative inline-flex items-center justify-center flex-shrink-0 rounded-full h-5 w-5 text-[10px] flex-shrink-0"><img class="rounded-full h-5 w-5 text-[10px]" alt="nuxtui" src="https://repository-images.githubusercontent.com/428329515/43fec891-9030-4601-8233-5d45ba5c6013"><!--v-if--></span>
        <!--v-if--><span class="truncate relative"><!--v-if--> About</span>
        <!--v-if-->
      </button></li>
  </ul>
</nav>"
`;
